Archive member included to satisfy reference by file (symbol)

/home/p/gcc-arm-none-eabi-7-2018-q2-update/bin/../lib/gcc/arm-none-eabi/7.3.1/thumb/v6-m/libgcc.a(_thumb1_case_uhi.o)
                              CMakeFiles/bootSPI.dir/Protocol.c.obj (__gnu_thumb1_case_uhi)
/home/p/gcc-arm-none-eabi-7-2018-q2-update/bin/../lib/gcc/arm-none-eabi/7.3.1/thumb/v6-m/libgcc.a(_udivsi3.o)
                              CMakeFiles/bootSPI.dir/BSP.c.obj (__aeabi_uidiv)
/home/p/gcc-arm-none-eabi-7-2018-q2-update/bin/../lib/gcc/arm-none-eabi/7.3.1/thumb/v6-m/libgcc.a(_divsi3.o)
                              CMakeFiles/bootSPI.dir/1.5.0/Device/Source/system_stm32f0xx.c.obj (__aeabi_idiv)
/home/p/gcc-arm-none-eabi-7-2018-q2-update/bin/../lib/gcc/arm-none-eabi/7.3.1/thumb/v6-m/libgcc.a(_dvmd_tls.o)
                              /home/p/gcc-arm-none-eabi-7-2018-q2-update/bin/../lib/gcc/arm-none-eabi/7.3.1/thumb/v6-m/libgcc.a(_udivsi3.o) (__aeabi_idiv0)
/home/p/gcc-arm-none-eabi-7-2018-q2-update/bin/../lib/gcc/arm-none-eabi/7.3.1/../../../../arm-none-eabi/lib/thumb/v6-m/libg.a(lib_a-exit.o)
                              /home/p/gcc-arm-none-eabi-7-2018-q2-update/bin/../lib/gcc/arm-none-eabi/7.3.1/../../../../arm-none-eabi/lib/thumb/v6-m/crt0.o (exit)
/home/p/gcc-arm-none-eabi-7-2018-q2-update/bin/../lib/gcc/arm-none-eabi/7.3.1/../../../../arm-none-eabi/lib/thumb/v6-m/libg.a(lib_a-impure.o)
                              /home/p/gcc-arm-none-eabi-7-2018-q2-update/bin/../lib/gcc/arm-none-eabi/7.3.1/../../../../arm-none-eabi/lib/thumb/v6-m/libg.a(lib_a-exit.o) (_global_impure_ptr)
/home/p/gcc-arm-none-eabi-7-2018-q2-update/bin/../lib/gcc/arm-none-eabi/7.3.1/../../../../arm-none-eabi/lib/thumb/v6-m/libg.a(lib_a-init.o)
                              /home/p/gcc-arm-none-eabi-7-2018-q2-update/bin/../lib/gcc/arm-none-eabi/7.3.1/../../../../arm-none-eabi/lib/thumb/v6-m/crt0.o (__libc_init_array)
/home/p/gcc-arm-none-eabi-7-2018-q2-update/bin/../lib/gcc/arm-none-eabi/7.3.1/../../../../arm-none-eabi/lib/thumb/v6-m/libg.a(lib_a-memset.o)
                              /home/p/gcc-arm-none-eabi-7-2018-q2-update/bin/../lib/gcc/arm-none-eabi/7.3.1/../../../../arm-none-eabi/lib/thumb/v6-m/crt0.o (memset)
/home/p/gcc-arm-none-eabi-7-2018-q2-update/bin/../lib/gcc/arm-none-eabi/7.3.1/../../../../arm-none-eabi/lib/thumb/v6-m/libg.a(lib_a-__call_atexit.o)
                              /home/p/gcc-arm-none-eabi-7-2018-q2-update/bin/../lib/gcc/arm-none-eabi/7.3.1/../../../../arm-none-eabi/lib/thumb/v6-m/libg.a(lib_a-exit.o) (__call_exitprocs)
/home/p/gcc-arm-none-eabi-7-2018-q2-update/bin/../lib/gcc/arm-none-eabi/7.3.1/../../../../arm-none-eabi/lib/thumb/v6-m/libg.a(lib_a-atexit.o)
                              /home/p/gcc-arm-none-eabi-7-2018-q2-update/bin/../lib/gcc/arm-none-eabi/7.3.1/../../../../arm-none-eabi/lib/thumb/v6-m/libg.a(lib_a-__call_atexit.o) (atexit)
/home/p/gcc-arm-none-eabi-7-2018-q2-update/bin/../lib/gcc/arm-none-eabi/7.3.1/../../../../arm-none-eabi/lib/thumb/v6-m/libg.a(lib_a-fini.o)
                              /home/p/gcc-arm-none-eabi-7-2018-q2-update/bin/../lib/gcc/arm-none-eabi/7.3.1/../../../../arm-none-eabi/lib/thumb/v6-m/libg.a(lib_a-__call_atexit.o) (__libc_fini_array)
/home/p/gcc-arm-none-eabi-7-2018-q2-update/bin/../lib/gcc/arm-none-eabi/7.3.1/../../../../arm-none-eabi/lib/thumb/v6-m/libg.a(lib_a-lock.o)
                              /home/p/gcc-arm-none-eabi-7-2018-q2-update/bin/../lib/gcc/arm-none-eabi/7.3.1/../../../../arm-none-eabi/lib/thumb/v6-m/libg.a(lib_a-__call_atexit.o) (__retarget_lock_acquire_recursive)
/home/p/gcc-arm-none-eabi-7-2018-q2-update/bin/../lib/gcc/arm-none-eabi/7.3.1/../../../../arm-none-eabi/lib/thumb/v6-m/libg.a(lib_a-__atexit.o)
                              /home/p/gcc-arm-none-eabi-7-2018-q2-update/bin/../lib/gcc/arm-none-eabi/7.3.1/../../../../arm-none-eabi/lib/thumb/v6-m/libg.a(lib_a-atexit.o) (__register_exitproc)

Allocating common symbols
Common symbol       size              file

__lock___atexit_recursive_mutex
                    0x1               /home/p/gcc-arm-none-eabi-7-2018-q2-update/bin/../lib/gcc/arm-none-eabi/7.3.1/../../../../arm-none-eabi/lib/thumb/v6-m/libg.a(lib_a-lock.o)
__lock___arc4random_mutex
                    0x1               /home/p/gcc-arm-none-eabi-7-2018-q2-update/bin/../lib/gcc/arm-none-eabi/7.3.1/../../../../arm-none-eabi/lib/thumb/v6-m/libg.a(lib_a-lock.o)
__lock___env_recursive_mutex
                    0x1               /home/p/gcc-arm-none-eabi-7-2018-q2-update/bin/../lib/gcc/arm-none-eabi/7.3.1/../../../../arm-none-eabi/lib/thumb/v6-m/libg.a(lib_a-lock.o)
__lock___sinit_recursive_mutex
                    0x1               /home/p/gcc-arm-none-eabi-7-2018-q2-update/bin/../lib/gcc/arm-none-eabi/7.3.1/../../../../arm-none-eabi/lib/thumb/v6-m/libg.a(lib_a-lock.o)
__lock___malloc_recursive_mutex
                    0x1               /home/p/gcc-arm-none-eabi-7-2018-q2-update/bin/../lib/gcc/arm-none-eabi/7.3.1/../../../../arm-none-eabi/lib/thumb/v6-m/libg.a(lib_a-lock.o)
__lock___at_quick_exit_mutex
                    0x1               /home/p/gcc-arm-none-eabi-7-2018-q2-update/bin/../lib/gcc/arm-none-eabi/7.3.1/../../../../arm-none-eabi/lib/thumb/v6-m/libg.a(lib_a-lock.o)
__lock___dd_hash_mutex
                    0x1               /home/p/gcc-arm-none-eabi-7-2018-q2-update/bin/../lib/gcc/arm-none-eabi/7.3.1/../../../../arm-none-eabi/lib/thumb/v6-m/libg.a(lib_a-lock.o)
__lock___tz_mutex   0x1               /home/p/gcc-arm-none-eabi-7-2018-q2-update/bin/../lib/gcc/arm-none-eabi/7.3.1/../../../../arm-none-eabi/lib/thumb/v6-m/libg.a(lib_a-lock.o)
__lock___sfp_recursive_mutex
                    0x1               /home/p/gcc-arm-none-eabi-7-2018-q2-update/bin/../lib/gcc/arm-none-eabi/7.3.1/../../../../arm-none-eabi/lib/thumb/v6-m/libg.a(lib_a-lock.o)

Discarded input sections

 .text          0x0000000000000000        0x0 /home/p/gcc-arm-none-eabi-7-2018-q2-update/bin/../lib/gcc/arm-none-eabi/7.3.1/thumb/v6-m/crti.o
 .data          0x0000000000000000        0x0 /home/p/gcc-arm-none-eabi-7-2018-q2-update/bin/../lib/gcc/arm-none-eabi/7.3.1/thumb/v6-m/crti.o
 .bss           0x0000000000000000        0x0 /home/p/gcc-arm-none-eabi-7-2018-q2-update/bin/../lib/gcc/arm-none-eabi/7.3.1/thumb/v6-m/crti.o
 .text          0x0000000000000000       0x48 /home/p/gcc-arm-none-eabi-7-2018-q2-update/bin/../lib/gcc/arm-none-eabi/7.3.1/thumb/v6-m/crtbegin.o
 .data          0x0000000000000000        0x4 /home/p/gcc-arm-none-eabi-7-2018-q2-update/bin/../lib/gcc/arm-none-eabi/7.3.1/thumb/v6-m/crtbegin.o
 .bss           0x0000000000000000       0x1c /home/p/gcc-arm-none-eabi-7-2018-q2-update/bin/../lib/gcc/arm-none-eabi/7.3.1/thumb/v6-m/crtbegin.o
 .init_array    0x0000000000000000        0x4 /home/p/gcc-arm-none-eabi-7-2018-q2-update/bin/../lib/gcc/arm-none-eabi/7.3.1/thumb/v6-m/crtbegin.o
 .fini_array    0x0000000000000000        0x4 /home/p/gcc-arm-none-eabi-7-2018-q2-update/bin/../lib/gcc/arm-none-eabi/7.3.1/thumb/v6-m/crtbegin.o
 .eh_frame      0x0000000000000000        0x0 /home/p/gcc-arm-none-eabi-7-2018-q2-update/bin/../lib/gcc/arm-none-eabi/7.3.1/thumb/v6-m/crtbegin.o
 .ARM.attributes
                0x0000000000000000       0x2c /home/p/gcc-arm-none-eabi-7-2018-q2-update/bin/../lib/gcc/arm-none-eabi/7.3.1/thumb/v6-m/crtbegin.o
 .text          0x0000000000000000       0x78 /home/p/gcc-arm-none-eabi-7-2018-q2-update/bin/../lib/gcc/arm-none-eabi/7.3.1/../../../../arm-none-eabi/lib/thumb/v6-m/crt0.o
 .data          0x0000000000000000        0x0 /home/p/gcc-arm-none-eabi-7-2018-q2-update/bin/../lib/gcc/arm-none-eabi/7.3.1/../../../../arm-none-eabi/lib/thumb/v6-m/crt0.o
 .bss           0x0000000000000000        0x0 /home/p/gcc-arm-none-eabi-7-2018-q2-update/bin/../lib/gcc/arm-none-eabi/7.3.1/../../../../arm-none-eabi/lib/thumb/v6-m/crt0.o
 .ARM.extab     0x0000000000000000        0x0 /home/p/gcc-arm-none-eabi-7-2018-q2-update/bin/../lib/gcc/arm-none-eabi/7.3.1/../../../../arm-none-eabi/lib/thumb/v6-m/crt0.o
 .ARM.exidx     0x0000000000000000        0x8 /home/p/gcc-arm-none-eabi-7-2018-q2-update/bin/../lib/gcc/arm-none-eabi/7.3.1/../../../../arm-none-eabi/lib/thumb/v6-m/crt0.o
 .ARM.attributes
                0x0000000000000000       0x1b /home/p/gcc-arm-none-eabi-7-2018-q2-update/bin/../lib/gcc/arm-none-eabi/7.3.1/../../../../arm-none-eabi/lib/thumb/v6-m/crt0.o
 .text          0x0000000000000000        0x0 CMakeFiles/bootSPI.dir/main.c.obj
 .data          0x0000000000000000        0x0 CMakeFiles/bootSPI.dir/main.c.obj
 .bss           0x0000000000000000        0x0 CMakeFiles/bootSPI.dir/main.c.obj
 .text          0x0000000000000000        0x0 CMakeFiles/bootSPI.dir/BSP.c.obj
 .data          0x0000000000000000        0x0 CMakeFiles/bootSPI.dir/BSP.c.obj
 .bss           0x0000000000000000        0x0 CMakeFiles/bootSPI.dir/BSP.c.obj
 .text          0x0000000000000000        0x0 CMakeFiles/bootSPI.dir/Can.c.obj
 .data          0x0000000000000000        0x0 CMakeFiles/bootSPI.dir/Can.c.obj
 .bss           0x0000000000000000        0x0 CMakeFiles/bootSPI.dir/Can.c.obj
 .debug_info    0x0000000000000000       0xc0 CMakeFiles/bootSPI.dir/Can.c.obj
 .debug_abbrev  0x0000000000000000       0x5d CMakeFiles/bootSPI.dir/Can.c.obj
 .debug_aranges
                0x0000000000000000       0x18 CMakeFiles/bootSPI.dir/Can.c.obj
 .debug_line    0x0000000000000000      0x117 CMakeFiles/bootSPI.dir/Can.c.obj
 .debug_str     0x0000000000000000      0x1c8 CMakeFiles/bootSPI.dir/Can.c.obj
 .comment       0x0000000000000000       0x80 CMakeFiles/bootSPI.dir/Can.c.obj
 .ARM.attributes
                0x0000000000000000       0x31 CMakeFiles/bootSPI.dir/Can.c.obj
 .text          0x0000000000000000        0x0 CMakeFiles/bootSPI.dir/CRC.c.obj
 .data          0x0000000000000000        0x0 CMakeFiles/bootSPI.dir/CRC.c.obj
 .bss           0x0000000000000000        0x0 CMakeFiles/bootSPI.dir/CRC.c.obj
 .text          0x0000000000000000        0x0 CMakeFiles/bootSPI.dir/Flash.c.obj
 .data          0x0000000000000000        0x0 CMakeFiles/bootSPI.dir/Flash.c.obj
 .bss           0x0000000000000000        0x0 CMakeFiles/bootSPI.dir/Flash.c.obj
 .text          0x0000000000000000        0x0 CMakeFiles/bootSPI.dir/Protocol.c.obj
 .data          0x0000000000000000        0x0 CMakeFiles/bootSPI.dir/Protocol.c.obj
 .bss           0x0000000000000000        0x0 CMakeFiles/bootSPI.dir/Protocol.c.obj
 .text          0x0000000000000000        0x0 CMakeFiles/bootSPI.dir/Spi1.c.obj
 .data          0x0000000000000000        0x0 CMakeFiles/bootSPI.dir/Spi1.c.obj
 .bss           0x0000000000000000        0x0 CMakeFiles/bootSPI.dir/Spi1.c.obj
 .text          0x0000000000000000        0x0 CMakeFiles/bootSPI.dir/Usart1.c.obj
 .data          0x0000000000000000        0x0 CMakeFiles/bootSPI.dir/Usart1.c.obj
 .bss           0x0000000000000000        0x0 CMakeFiles/bootSPI.dir/Usart1.c.obj
 .debug_info    0x0000000000000000       0xc0 CMakeFiles/bootSPI.dir/Usart1.c.obj
 .debug_abbrev  0x0000000000000000       0x5d CMakeFiles/bootSPI.dir/Usart1.c.obj
 .debug_aranges
                0x0000000000000000       0x18 CMakeFiles/bootSPI.dir/Usart1.c.obj
 .debug_line    0x0000000000000000      0x117 CMakeFiles/bootSPI.dir/Usart1.c.obj
 .debug_str     0x0000000000000000      0x1cb CMakeFiles/bootSPI.dir/Usart1.c.obj
 .comment       0x0000000000000000       0x80 CMakeFiles/bootSPI.dir/Usart1.c.obj
 .ARM.attributes
                0x0000000000000000       0x31 CMakeFiles/bootSPI.dir/Usart1.c.obj
 .text          0x0000000000000000       0x14 CMakeFiles/bootSPI.dir/Device/startup_stm32f0xx.s.obj
 .data          0x0000000000000000        0x0 CMakeFiles/bootSPI.dir/Device/startup_stm32f0xx.s.obj
 .bss           0x0000000000000000        0x0 CMakeFiles/bootSPI.dir/Device/startup_stm32f0xx.s.obj
 .text          0x0000000000000000        0x0 CMakeFiles/bootSPI.dir/1.5.0/Device/Source/system_stm32f0xx.c.obj
 .data          0x0000000000000000        0x0 CMakeFiles/bootSPI.dir/1.5.0/Device/Source/system_stm32f0xx.c.obj
 .bss           0x0000000000000000        0x0 CMakeFiles/bootSPI.dir/1.5.0/Device/Source/system_stm32f0xx.c.obj
 .data          0x0000000000000000        0x0 /home/p/gcc-arm-none-eabi-7-2018-q2-update/bin/../lib/gcc/arm-none-eabi/7.3.1/thumb/v6-m/libgcc.a(_thumb1_case_uhi.o)
 .bss           0x0000000000000000        0x0 /home/p/gcc-arm-none-eabi-7-2018-q2-update/bin/../lib/gcc/arm-none-eabi/7.3.1/thumb/v6-m/libgcc.a(_thumb1_case_uhi.o)
 .data          0x0000000000000000        0x0 /home/p/gcc-arm-none-eabi-7-2018-q2-update/bin/../lib/gcc/arm-none-eabi/7.3.1/thumb/v6-m/libgcc.a(_udivsi3.o)
 .bss           0x0000000000000000        0x0 /home/p/gcc-arm-none-eabi-7-2018-q2-update/bin/../lib/gcc/arm-none-eabi/7.3.1/thumb/v6-m/libgcc.a(_udivsi3.o)
 .text          0x0000000000000000      0x1d4 /home/p/gcc-arm-none-eabi-7-2018-q2-update/bin/../lib/gcc/arm-none-eabi/7.3.1/thumb/v6-m/libgcc.a(_divsi3.o)
 .data          0x0000000000000000        0x0 /home/p/gcc-arm-none-eabi-7-2018-q2-update/bin/../lib/gcc/arm-none-eabi/7.3.1/thumb/v6-m/libgcc.a(_divsi3.o)
 .bss           0x0000000000000000        0x0 /home/p/gcc-arm-none-eabi-7-2018-q2-update/bin/../lib/gcc/arm-none-eabi/7.3.1/thumb/v6-m/libgcc.a(_divsi3.o)
 .debug_frame   0x0000000000000000       0x20 /home/p/gcc-arm-none-eabi-7-2018-q2-update/bin/../lib/gcc/arm-none-eabi/7.3.1/thumb/v6-m/libgcc.a(_divsi3.o)
 .ARM.attributes
                0x0000000000000000       0x1e /home/p/gcc-arm-none-eabi-7-2018-q2-update/bin/../lib/gcc/arm-none-eabi/7.3.1/thumb/v6-m/libgcc.a(_divsi3.o)
 .data          0x0000000000000000        0x0 /home/p/gcc-arm-none-eabi-7-2018-q2-update/bin/../lib/gcc/arm-none-eabi/7.3.1/thumb/v6-m/libgcc.a(_dvmd_tls.o)
 .bss           0x0000000000000000        0x0 /home/p/gcc-arm-none-eabi-7-2018-q2-update/bin/../lib/gcc/arm-none-eabi/7.3.1/thumb/v6-m/libgcc.a(_dvmd_tls.o)
 .text          0x0000000000000000        0x0 /home/p/gcc-arm-none-eabi-7-2018-q2-update/bin/../lib/gcc/arm-none-eabi/7.3.1/../../../../arm-none-eabi/lib/thumb/v6-m/libg.a(lib_a-exit.o)
 .data          0x0000000000000000        0x0 /home/p/gcc-arm-none-eabi-7-2018-q2-update/bin/../lib/gcc/arm-none-eabi/7.3.1/../../../../arm-none-eabi/lib/thumb/v6-m/libg.a(lib_a-exit.o)
 .bss           0x0000000000000000        0x0 /home/p/gcc-arm-none-eabi-7-2018-q2-update/bin/../lib/gcc/arm-none-eabi/7.3.1/../../../../arm-none-eabi/lib/thumb/v6-m/libg.a(lib_a-exit.o)
 .text.exit     0x0000000000000000       0x20 /home/p/gcc-arm-none-eabi-7-2018-q2-update/bin/../lib/gcc/arm-none-eabi/7.3.1/../../../../arm-none-eabi/lib/thumb/v6-m/libg.a(lib_a-exit.o)
 .debug_frame   0x0000000000000000       0x28 /home/p/gcc-arm-none-eabi-7-2018-q2-update/bin/../lib/gcc/arm-none-eabi/7.3.1/../../../../arm-none-eabi/lib/thumb/v6-m/libg.a(lib_a-exit.o)
 .ARM.attributes
                0x0000000000000000       0x2c /home/p/gcc-arm-none-eabi-7-2018-q2-update/bin/../lib/gcc/arm-none-eabi/7.3.1/../../../../arm-none-eabi/lib/thumb/v6-m/libg.a(lib_a-exit.o)
 .text          0x0000000000000000        0x0 /home/p/gcc-arm-none-eabi-7-2018-q2-update/bin/../lib/gcc/arm-none-eabi/7.3.1/../../../../arm-none-eabi/lib/thumb/v6-m/libg.a(lib_a-impure.o)
 .data          0x0000000000000000        0x0 /home/p/gcc-arm-none-eabi-7-2018-q2-update/bin/../lib/gcc/arm-none-eabi/7.3.1/../../../../arm-none-eabi/lib/thumb/v6-m/libg.a(lib_a-impure.o)
 .bss           0x0000000000000000        0x0 /home/p/gcc-arm-none-eabi-7-2018-q2-update/bin/../lib/gcc/arm-none-eabi/7.3.1/../../../../arm-none-eabi/lib/thumb/v6-m/libg.a(lib_a-impure.o)
 .data._impure_ptr
                0x0000000000000000        0x4 /home/p/gcc-arm-none-eabi-7-2018-q2-update/bin/../lib/gcc/arm-none-eabi/7.3.1/../../../../arm-none-eabi/lib/thumb/v6-m/libg.a(lib_a-impure.o)
 .data.impure_data
                0x0000000000000000      0x428 /home/p/gcc-arm-none-eabi-7-2018-q2-update/bin/../lib/gcc/arm-none-eabi/7.3.1/../../../../arm-none-eabi/lib/thumb/v6-m/libg.a(lib_a-impure.o)
 .rodata._global_impure_ptr
                0x0000000000000000        0x4 /home/p/gcc-arm-none-eabi-7-2018-q2-update/bin/../lib/gcc/arm-none-eabi/7.3.1/../../../../arm-none-eabi/lib/thumb/v6-m/libg.a(lib_a-impure.o)
 .ARM.attributes
                0x0000000000000000       0x2c /home/p/gcc-arm-none-eabi-7-2018-q2-update/bin/../lib/gcc/arm-none-eabi/7.3.1/../../../../arm-none-eabi/lib/thumb/v6-m/libg.a(lib_a-impure.o)
 .text          0x0000000000000000        0x0 /home/p/gcc-arm-none-eabi-7-2018-q2-update/bin/../lib/gcc/arm-none-eabi/7.3.1/../../../../arm-none-eabi/lib/thumb/v6-m/libg.a(lib_a-init.o)
 .data          0x0000000000000000        0x0 /home/p/gcc-arm-none-eabi-7-2018-q2-update/bin/../lib/gcc/arm-none-eabi/7.3.1/../../../../arm-none-eabi/lib/thumb/v6-m/libg.a(lib_a-init.o)
 .bss           0x0000000000000000        0x0 /home/p/gcc-arm-none-eabi-7-2018-q2-update/bin/../lib/gcc/arm-none-eabi/7.3.1/../../../../arm-none-eabi/lib/thumb/v6-m/libg.a(lib_a-init.o)
 .text          0x0000000000000000        0x0 /home/p/gcc-arm-none-eabi-7-2018-q2-update/bin/../lib/gcc/arm-none-eabi/7.3.1/../../../../arm-none-eabi/lib/thumb/v6-m/libg.a(lib_a-memset.o)
 .data          0x0000000000000000        0x0 /home/p/gcc-arm-none-eabi-7-2018-q2-update/bin/../lib/gcc/arm-none-eabi/7.3.1/../../../../arm-none-eabi/lib/thumb/v6-m/libg.a(lib_a-memset.o)
 .bss           0x0000000000000000        0x0 /home/p/gcc-arm-none-eabi-7-2018-q2-update/bin/../lib/gcc/arm-none-eabi/7.3.1/../../../../arm-none-eabi/lib/thumb/v6-m/libg.a(lib_a-memset.o)
 .text.memset   0x0000000000000000       0x9c /home/p/gcc-arm-none-eabi-7-2018-q2-update/bin/../lib/gcc/arm-none-eabi/7.3.1/../../../../arm-none-eabi/lib/thumb/v6-m/libg.a(lib_a-memset.o)
 .debug_frame   0x0000000000000000       0x30 /home/p/gcc-arm-none-eabi-7-2018-q2-update/bin/../lib/gcc/arm-none-eabi/7.3.1/../../../../arm-none-eabi/lib/thumb/v6-m/libg.a(lib_a-memset.o)
 .ARM.attributes
                0x0000000000000000       0x2c /home/p/gcc-arm-none-eabi-7-2018-q2-update/bin/../lib/gcc/arm-none-eabi/7.3.1/../../../../arm-none-eabi/lib/thumb/v6-m/libg.a(lib_a-memset.o)
 .text          0x0000000000000000        0x0 /home/p/gcc-arm-none-eabi-7-2018-q2-update/bin/../lib/gcc/arm-none-eabi/7.3.1/../../../../arm-none-eabi/lib/thumb/v6-m/libg.a(lib_a-__call_atexit.o)
 .data          0x0000000000000000        0x0 /home/p/gcc-arm-none-eabi-7-2018-q2-update/bin/../lib/gcc/arm-none-eabi/7.3.1/../../../../arm-none-eabi/lib/thumb/v6-m/libg.a(lib_a-__call_atexit.o)
 .bss           0x0000000000000000        0x0 /home/p/gcc-arm-none-eabi-7-2018-q2-update/bin/../lib/gcc/arm-none-eabi/7.3.1/../../../../arm-none-eabi/lib/thumb/v6-m/libg.a(lib_a-__call_atexit.o)
 .text.startup.register_fini
                0x0000000000000000       0x18 /home/p/gcc-arm-none-eabi-7-2018-q2-update/bin/../lib/gcc/arm-none-eabi/7.3.1/../../../../arm-none-eabi/lib/thumb/v6-m/libg.a(lib_a-__call_atexit.o)
 .init_array.00000
                0x0000000000000000        0x4 /home/p/gcc-arm-none-eabi-7-2018-q2-update/bin/../lib/gcc/arm-none-eabi/7.3.1/../../../../arm-none-eabi/lib/thumb/v6-m/libg.a(lib_a-__call_atexit.o)
 .text.__call_exitprocs
                0x0000000000000000      0x118 /home/p/gcc-arm-none-eabi-7-2018-q2-update/bin/../lib/gcc/arm-none-eabi/7.3.1/../../../../arm-none-eabi/lib/thumb/v6-m/libg.a(lib_a-__call_atexit.o)
 .data.__atexit_recursive_mutex
                0x0000000000000000        0x4 /home/p/gcc-arm-none-eabi-7-2018-q2-update/bin/../lib/gcc/arm-none-eabi/7.3.1/../../../../arm-none-eabi/lib/thumb/v6-m/libg.a(lib_a-__call_atexit.o)
 .debug_frame   0x0000000000000000       0x54 /home/p/gcc-arm-none-eabi-7-2018-q2-update/bin/../lib/gcc/arm-none-eabi/7.3.1/../../../../arm-none-eabi/lib/thumb/v6-m/libg.a(lib_a-__call_atexit.o)
 .ARM.attributes
                0x0000000000000000       0x2c /home/p/gcc-arm-none-eabi-7-2018-q2-update/bin/../lib/gcc/arm-none-eabi/7.3.1/../../../../arm-none-eabi/lib/thumb/v6-m/libg.a(lib_a-__call_atexit.o)
 .text          0x0000000000000000        0x0 /home/p/gcc-arm-none-eabi-7-2018-q2-update/bin/../lib/gcc/arm-none-eabi/7.3.1/../../../../arm-none-eabi/lib/thumb/v6-m/libg.a(lib_a-atexit.o)
 .data          0x0000000000000000        0x0 /home/p/gcc-arm-none-eabi-7-2018-q2-update/bin/../lib/gcc/arm-none-eabi/7.3.1/../../../../arm-none-eabi/lib/thumb/v6-m/libg.a(lib_a-atexit.o)
 .bss           0x0000000000000000        0x0 /home/p/gcc-arm-none-eabi-7-2018-q2-update/bin/../lib/gcc/arm-none-eabi/7.3.1/../../../../arm-none-eabi/lib/thumb/v6-m/libg.a(lib_a-atexit.o)
 .text.atexit   0x0000000000000000       0x10 /home/p/gcc-arm-none-eabi-7-2018-q2-update/bin/../lib/gcc/arm-none-eabi/7.3.1/../../../../arm-none-eabi/lib/thumb/v6-m/libg.a(lib_a-atexit.o)
 .debug_frame   0x0000000000000000       0x28 /home/p/gcc-arm-none-eabi-7-2018-q2-update/bin/../lib/gcc/arm-none-eabi/7.3.1/../../../../arm-none-eabi/lib/thumb/v6-m/libg.a(lib_a-atexit.o)
 .ARM.attributes
                0x0000000000000000       0x2c /home/p/gcc-arm-none-eabi-7-2018-q2-update/bin/../lib/gcc/arm-none-eabi/7.3.1/../../../../arm-none-eabi/lib/thumb/v6-m/libg.a(lib_a-atexit.o)
 .text          0x0000000000000000        0x0 /home/p/gcc-arm-none-eabi-7-2018-q2-update/bin/../lib/gcc/arm-none-eabi/7.3.1/../../../../arm-none-eabi/lib/thumb/v6-m/libg.a(lib_a-fini.o)
 .data          0x0000000000000000        0x0 /home/p/gcc-arm-none-eabi-7-2018-q2-update/bin/../lib/gcc/arm-none-eabi/7.3.1/../../../../arm-none-eabi/lib/thumb/v6-m/libg.a(lib_a-fini.o)
 .bss           0x0000000000000000        0x0 /home/p/gcc-arm-none-eabi-7-2018-q2-update/bin/../lib/gcc/arm-none-eabi/7.3.1/../../../../arm-none-eabi/lib/thumb/v6-m/libg.a(lib_a-fini.o)
 .text.__libc_fini_array
                0x0000000000000000       0x34 /home/p/gcc-arm-none-eabi-7-2018-q2-update/bin/../lib/gcc/arm-none-eabi/7.3.1/../../../../arm-none-eabi/lib/thumb/v6-m/libg.a(lib_a-fini.o)
 .debug_frame   0x0000000000000000       0x2c /home/p/gcc-arm-none-eabi-7-2018-q2-update/bin/../lib/gcc/arm-none-eabi/7.3.1/../../../../arm-none-eabi/lib/thumb/v6-m/libg.a(lib_a-fini.o)
 .ARM.attributes
                0x0000000000000000       0x2c /home/p/gcc-arm-none-eabi-7-2018-q2-update/bin/../lib/gcc/arm-none-eabi/7.3.1/../../../../arm-none-eabi/lib/thumb/v6-m/libg.a(lib_a-fini.o)
 .text          0x0000000000000000        0x0 /home/p/gcc-arm-none-eabi-7-2018-q2-update/bin/../lib/gcc/arm-none-eabi/7.3.1/../../../../arm-none-eabi/lib/thumb/v6-m/libg.a(lib_a-lock.o)
 .data          0x0000000000000000        0x0 /home/p/gcc-arm-none-eabi-7-2018-q2-update/bin/../lib/gcc/arm-none-eabi/7.3.1/../../../../arm-none-eabi/lib/thumb/v6-m/libg.a(lib_a-lock.o)
 .bss           0x0000000000000000        0x0 /home/p/gcc-arm-none-eabi-7-2018-q2-update/bin/../lib/gcc/arm-none-eabi/7.3.1/../../../../arm-none-eabi/lib/thumb/v6-m/libg.a(lib_a-lock.o)
 .text.__retarget_lock_init
                0x0000000000000000        0x4 /home/p/gcc-arm-none-eabi-7-2018-q2-update/bin/../lib/gcc/arm-none-eabi/7.3.1/../../../../arm-none-eabi/lib/thumb/v6-m/libg.a(lib_a-lock.o)
 .text.__retarget_lock_init_recursive
                0x0000000000000000        0x4 /home/p/gcc-arm-none-eabi-7-2018-q2-update/bin/../lib/gcc/arm-none-eabi/7.3.1/../../../../arm-none-eabi/lib/thumb/v6-m/libg.a(lib_a-lock.o)
 .text.__retarget_lock_close
                0x0000000000000000        0x4 /home/p/gcc-arm-none-eabi-7-2018-q2-update/bin/../lib/gcc/arm-none-eabi/7.3.1/../../../../arm-none-eabi/lib/thumb/v6-m/libg.a(lib_a-lock.o)
 .text.__retarget_lock_close_recursive
                0x0000000000000000        0x4 /home/p/gcc-arm-none-eabi-7-2018-q2-update/bin/../lib/gcc/arm-none-eabi/7.3.1/../../../../arm-none-eabi/lib/thumb/v6-m/libg.a(lib_a-lock.o)
 .text.__retarget_lock_acquire
                0x0000000000000000        0x4 /home/p/gcc-arm-none-eabi-7-2018-q2-update/bin/../lib/gcc/arm-none-eabi/7.3.1/../../../../arm-none-eabi/lib/thumb/v6-m/libg.a(lib_a-lock.o)
 .text.__retarget_lock_acquire_recursive
                0x0000000000000000        0x4 /home/p/gcc-arm-none-eabi-7-2018-q2-update/bin/../lib/gcc/arm-none-eabi/7.3.1/../../../../arm-none-eabi/lib/thumb/v6-m/libg.a(lib_a-lock.o)
 .text.__retarget_lock_try_acquire
                0x0000000000000000        0x4 /home/p/gcc-arm-none-eabi-7-2018-q2-update/bin/../lib/gcc/arm-none-eabi/7.3.1/../../../../arm-none-eabi/lib/thumb/v6-m/libg.a(lib_a-lock.o)
 .text.__retarget_lock_try_acquire_recursive
                0x0000000000000000        0x4 /home/p/gcc-arm-none-eabi-7-2018-q2-update/bin/../lib/gcc/arm-none-eabi/7.3.1/../../../../arm-none-eabi/lib/thumb/v6-m/libg.a(lib_a-lock.o)
 .text.__retarget_lock_release
                0x0000000000000000        0x4 /home/p/gcc-arm-none-eabi-7-2018-q2-update/bin/../lib/gcc/arm-none-eabi/7.3.1/../../../../arm-none-eabi/lib/thumb/v6-m/libg.a(lib_a-lock.o)
 .text.__retarget_lock_release_recursive
                0x0000000000000000        0x4 /home/p/gcc-arm-none-eabi-7-2018-q2-update/bin/../lib/gcc/arm-none-eabi/7.3.1/../../../../arm-none-eabi/lib/thumb/v6-m/libg.a(lib_a-lock.o)
 .debug_frame   0x0000000000000000       0xb0 /home/p/gcc-arm-none-eabi-7-2018-q2-update/bin/../lib/gcc/arm-none-eabi/7.3.1/../../../../arm-none-eabi/lib/thumb/v6-m/libg.a(lib_a-lock.o)
 .ARM.attributes
                0x0000000000000000       0x2c /home/p/gcc-arm-none-eabi-7-2018-q2-update/bin/../lib/gcc/arm-none-eabi/7.3.1/../../../../arm-none-eabi/lib/thumb/v6-m/libg.a(lib_a-lock.o)
 COMMON         0x0000000000000000       0x21 /home/p/gcc-arm-none-eabi-7-2018-q2-update/bin/../lib/gcc/arm-none-eabi/7.3.1/../../../../arm-none-eabi/lib/thumb/v6-m/libg.a(lib_a-lock.o)
 .text          0x0000000000000000        0x0 /home/p/gcc-arm-none-eabi-7-2018-q2-update/bin/../lib/gcc/arm-none-eabi/7.3.1/../../../../arm-none-eabi/lib/thumb/v6-m/libg.a(lib_a-__atexit.o)
 .data          0x0000000000000000        0x0 /home/p/gcc-arm-none-eabi-7-2018-q2-update/bin/../lib/gcc/arm-none-eabi/7.3.1/../../../../arm-none-eabi/lib/thumb/v6-m/libg.a(lib_a-__atexit.o)
 .bss           0x0000000000000000        0x0 /home/p/gcc-arm-none-eabi-7-2018-q2-update/bin/../lib/gcc/arm-none-eabi/7.3.1/../../../../arm-none-eabi/lib/thumb/v6-m/libg.a(lib_a-__atexit.o)
 .text.__register_exitproc
                0x0000000000000000       0xf4 /home/p/gcc-arm-none-eabi-7-2018-q2-update/bin/../lib/gcc/arm-none-eabi/7.3.1/../../../../arm-none-eabi/lib/thumb/v6-m/libg.a(lib_a-__atexit.o)
 .debug_frame   0x0000000000000000       0x3c /home/p/gcc-arm-none-eabi-7-2018-q2-update/bin/../lib/gcc/arm-none-eabi/7.3.1/../../../../arm-none-eabi/lib/thumb/v6-m/libg.a(lib_a-__atexit.o)
 .ARM.attributes
                0x0000000000000000       0x2c /home/p/gcc-arm-none-eabi-7-2018-q2-update/bin/../lib/gcc/arm-none-eabi/7.3.1/../../../../arm-none-eabi/lib/thumb/v6-m/libg.a(lib_a-__atexit.o)
 .text          0x0000000000000000        0x0 /home/p/gcc-arm-none-eabi-7-2018-q2-update/bin/../lib/gcc/arm-none-eabi/7.3.1/thumb/v6-m/crtend.o
 .data          0x0000000000000000        0x0 /home/p/gcc-arm-none-eabi-7-2018-q2-update/bin/../lib/gcc/arm-none-eabi/7.3.1/thumb/v6-m/crtend.o
 .bss           0x0000000000000000        0x0 /home/p/gcc-arm-none-eabi-7-2018-q2-update/bin/../lib/gcc/arm-none-eabi/7.3.1/thumb/v6-m/crtend.o
 .eh_frame      0x0000000000000000        0x4 /home/p/gcc-arm-none-eabi-7-2018-q2-update/bin/../lib/gcc/arm-none-eabi/7.3.1/thumb/v6-m/crtend.o
 .ARM.attributes
                0x0000000000000000       0x2c /home/p/gcc-arm-none-eabi-7-2018-q2-update/bin/../lib/gcc/arm-none-eabi/7.3.1/thumb/v6-m/crtend.o
 .text          0x0000000000000000        0x0 /home/p/gcc-arm-none-eabi-7-2018-q2-update/bin/../lib/gcc/arm-none-eabi/7.3.1/thumb/v6-m/crtn.o
 .data          0x0000000000000000        0x0 /home/p/gcc-arm-none-eabi-7-2018-q2-update/bin/../lib/gcc/arm-none-eabi/7.3.1/thumb/v6-m/crtn.o
 .bss           0x0000000000000000        0x0 /home/p/gcc-arm-none-eabi-7-2018-q2-update/bin/../lib/gcc/arm-none-eabi/7.3.1/thumb/v6-m/crtn.o

Memory Configuration

Name             Origin             Length             Attributes
FLASH            0x0000000008000000 0x0000000000020000 xr
RAM              0x0000000020000000 0x0000000000004000 xrw
*default*        0x0000000000000000 0xffffffffffffffff

Linker script and memory map

LOAD /home/p/gcc-arm-none-eabi-7-2018-q2-update/bin/../lib/gcc/arm-none-eabi/7.3.1/thumb/v6-m/crti.o
LOAD /home/p/gcc-arm-none-eabi-7-2018-q2-update/bin/../lib/gcc/arm-none-eabi/7.3.1/thumb/v6-m/crtbegin.o
LOAD /home/p/gcc-arm-none-eabi-7-2018-q2-update/bin/../lib/gcc/arm-none-eabi/7.3.1/../../../../arm-none-eabi/lib/thumb/v6-m/crt0.o
LOAD CMakeFiles/bootSPI.dir/main.c.obj
LOAD CMakeFiles/bootSPI.dir/BSP.c.obj
LOAD CMakeFiles/bootSPI.dir/Can.c.obj
LOAD CMakeFiles/bootSPI.dir/CRC.c.obj
LOAD CMakeFiles/bootSPI.dir/Flash.c.obj
LOAD CMakeFiles/bootSPI.dir/Protocol.c.obj
LOAD CMakeFiles/bootSPI.dir/Spi1.c.obj
LOAD CMakeFiles/bootSPI.dir/Usart1.c.obj
LOAD CMakeFiles/bootSPI.dir/Device/startup_stm32f0xx.s.obj
LOAD CMakeFiles/bootSPI.dir/1.5.0/Device/Source/system_stm32f0xx.c.obj
START GROUP
LOAD /home/p/gcc-arm-none-eabi-7-2018-q2-update/bin/../lib/gcc/arm-none-eabi/7.3.1/thumb/v6-m/libgcc.a
LOAD /home/p/gcc-arm-none-eabi-7-2018-q2-update/bin/../lib/gcc/arm-none-eabi/7.3.1/../../../../arm-none-eabi/lib/thumb/v6-m/libg.a
LOAD /home/p/gcc-arm-none-eabi-7-2018-q2-update/bin/../lib/gcc/arm-none-eabi/7.3.1/../../../../arm-none-eabi/lib/thumb/v6-m/libc.a
END GROUP
LOAD /home/p/gcc-arm-none-eabi-7-2018-q2-update/bin/../lib/gcc/arm-none-eabi/7.3.1/thumb/v6-m/crtend.o
LOAD /home/p/gcc-arm-none-eabi-7-2018-q2-update/bin/../lib/gcc/arm-none-eabi/7.3.1/thumb/v6-m/crtn.o
                0x0000000020004000                _estack = 0x20004000

.isr_vector     0x0000000008000000       0xc4
                0x0000000008000000                . = ALIGN (0x4)
 *(.isr_vector)
 .isr_vector    0x0000000008000000       0xc4 CMakeFiles/bootSPI.dir/Device/startup_stm32f0xx.s.obj
                0x0000000008000000                g_pfnVectors
                0x00000000080000c4                . = ALIGN (0x4)

.text           0x00000000080000c4      0xa5c
                0x00000000080000c4                . = ALIGN (0x4)
 *(.text)
 .text          0x00000000080000c4       0x14 /home/p/gcc-arm-none-eabi-7-2018-q2-update/bin/../lib/gcc/arm-none-eabi/7.3.1/thumb/v6-m/libgcc.a(_thumb1_case_uhi.o)
                0x00000000080000c4                __gnu_thumb1_case_uhi
 .text          0x00000000080000d8      0x114 /home/p/gcc-arm-none-eabi-7-2018-q2-update/bin/../lib/gcc/arm-none-eabi/7.3.1/thumb/v6-m/libgcc.a(_udivsi3.o)
                0x00000000080000d8                __udivsi3
                0x00000000080000d8                __aeabi_uidiv
                0x00000000080001e4                __aeabi_uidivmod
 .text          0x00000000080001ec        0x4 /home/p/gcc-arm-none-eabi-7-2018-q2-update/bin/../lib/gcc/arm-none-eabi/7.3.1/thumb/v6-m/libgcc.a(_dvmd_tls.o)
                0x00000000080001ec                __aeabi_ldiv0
                0x00000000080001ec                __aeabi_idiv0
 *(.text.*)
 .text.startup.main
                0x00000000080001f0       0x10 CMakeFiles/bootSPI.dir/main.c.obj
                0x00000000080001f0                main
 .text.BSP_Init
                0x0000000008000200       0x8c CMakeFiles/bootSPI.dir/BSP.c.obj
                0x0000000008000200                BSP_Init
 .text.CRCCalc16
                0x000000000800028c       0x48 CMakeFiles/bootSPI.dir/CRC.c.obj
                0x000000000800028c                CRCCalc16
 .text.FlashInit
                0x00000000080002d4       0x34 CMakeFiles/bootSPI.dir/Flash.c.obj
                0x00000000080002d4                FlashInit
 .text.FlashWrite
                0x0000000008000308       0xac CMakeFiles/bootSPI.dir/Flash.c.obj
                0x0000000008000308                FlashWrite
 .text.FlashErase
                0x00000000080003b4       0x9c CMakeFiles/bootSPI.dir/Flash.c.obj
                0x00000000080003b4                FlashErase
 .text.FlashLock
                0x0000000008000450       0x10 CMakeFiles/bootSPI.dir/Flash.c.obj
                0x0000000008000450                FlashLock
 .text.FlashWriteFWParam
                0x0000000008000460       0x9c CMakeFiles/bootSPI.dir/Flash.c.obj
                0x0000000008000460                FlashWriteFWParam
 .text.FlashVerifyFirmware
                0x00000000080004fc       0x74 CMakeFiles/bootSPI.dir/Flash.c.obj
                0x00000000080004fc                FlashVerifyFirmware
 .text.ProtocolSM_Run
                0x0000000008000570      0x2a8 CMakeFiles/bootSPI.dir/Protocol.c.obj
                0x0000000008000570                ProtocolSM_Run
 .text.Spi1Init
                0x0000000008000818      0x110 CMakeFiles/bootSPI.dir/Spi1.c.obj
                0x0000000008000818                Spi1Init
 .text.Spi1Send
                0x0000000008000928       0x24 CMakeFiles/bootSPI.dir/Spi1.c.obj
                0x0000000008000928                Spi1Send
 .text.Spi1Recv
                0x000000000800094c       0x3c CMakeFiles/bootSPI.dir/Spi1.c.obj
                0x000000000800094c                Spi1Recv
 .text.Spi1Reset
                0x0000000008000988        0xc CMakeFiles/bootSPI.dir/Spi1.c.obj
                0x0000000008000988                Spi1Reset
 .text.Reset_Handler
                0x0000000008000994       0x50 CMakeFiles/bootSPI.dir/Device/startup_stm32f0xx.s.obj
                0x0000000008000994                Reset_Handler
 .text.Default_Handler
                0x00000000080009e4        0x2 CMakeFiles/bootSPI.dir/Device/startup_stm32f0xx.s.obj
                0x00000000080009e4                TIM1_CC_IRQHandler
                0x00000000080009e4                HardFault_Handler
                0x00000000080009e4                ADC1_COMP_IRQHandler
                0x00000000080009e4                SysTick_Handler
                0x00000000080009e4                PVD_IRQHandler
                0x00000000080009e4                PendSV_Handler
                0x00000000080009e4                NMI_Handler
                0x00000000080009e4                I2C1_IRQHandler
                0x00000000080009e4                SPI1_IRQHandler
                0x00000000080009e4                TIM6_DAC_IRQHandler
                0x00000000080009e4                EXTI2_3_IRQHandler
                0x00000000080009e4                I2C2_IRQHandler
                0x00000000080009e4                TIM17_IRQHandler
                0x00000000080009e4                RTC_IRQHandler
                0x00000000080009e4                TIM16_IRQHandler
                0x00000000080009e4                TIM3_IRQHandler
                0x00000000080009e4                EXTI4_15_IRQHandler
                0x00000000080009e4                RCC_IRQHandler
                0x00000000080009e4                DMA1_Channel1_IRQHandler
                0x00000000080009e4                Default_Handler
                0x00000000080009e4                CEC_IRQHandler
                0x00000000080009e4                TIM14_IRQHandler
                0x00000000080009e4                DMA1_Channel4_5_IRQHandler
                0x00000000080009e4                TIM15_IRQHandler
                0x00000000080009e4                EXTI0_1_IRQHandler
                0x00000000080009e4                SPI2_IRQHandler
                0x00000000080009e4                SVC_Handler
                0x00000000080009e4                TS_IRQHandler
                0x00000000080009e4                WWDG_IRQHandler
                0x00000000080009e4                TIM2_IRQHandler
                0x00000000080009e4                DMA1_Channel2_3_IRQHandler
                0x00000000080009e4                USART2_IRQHandler
                0x00000000080009e4                FLASH_IRQHandler
                0x00000000080009e4                USART1_IRQHandler
                0x00000000080009e4                TIM1_BRK_UP_TRG_COM_IRQHandler
 *fill*         0x00000000080009e6        0x2 
 .text.SystemInit
                0x00000000080009e8       0x60 CMakeFiles/bootSPI.dir/1.5.0/Device/Source/system_stm32f0xx.c.obj
                0x00000000080009e8                SystemInit
 .text.SystemCoreClockUpdate
                0x0000000008000a48       0x60 CMakeFiles/bootSPI.dir/1.5.0/Device/Source/system_stm32f0xx.c.obj
                0x0000000008000a48                SystemCoreClockUpdate
 .text.__libc_init_array
                0x0000000008000aa8       0x48 /home/p/gcc-arm-none-eabi-7-2018-q2-update/bin/../lib/gcc/arm-none-eabi/7.3.1/../../../../arm-none-eabi/lib/thumb/v6-m/libg.a(lib_a-init.o)
                0x0000000008000aa8                __libc_init_array
 *(.rodata)
 *(.rodata*)
 .rodata.ProtocolSM_Run.str1.1
                0x0000000008000af0        0x6 CMakeFiles/bootSPI.dir/Protocol.c.obj
 .rodata.AHBPrescTable
                0x0000000008000af6       0x10 CMakeFiles/bootSPI.dir/1.5.0/Device/Source/system_stm32f0xx.c.obj
                0x0000000008000af6                AHBPrescTable
 *(.glue_7)
 .glue_7        0x0000000008000b06        0x0 linker stubs
 *(.glue_7t)
 .glue_7t       0x0000000008000b06        0x0 linker stubs
 *(.init)
 *fill*         0x0000000008000b06        0x2 
 .init          0x0000000008000b08        0x4 /home/p/gcc-arm-none-eabi-7-2018-q2-update/bin/../lib/gcc/arm-none-eabi/7.3.1/thumb/v6-m/crti.o
                0x0000000008000b08                _init
 .init          0x0000000008000b0c        0x8 /home/p/gcc-arm-none-eabi-7-2018-q2-update/bin/../lib/gcc/arm-none-eabi/7.3.1/thumb/v6-m/crtn.o
 *(.fini)
 .fini          0x0000000008000b14        0x4 /home/p/gcc-arm-none-eabi-7-2018-q2-update/bin/../lib/gcc/arm-none-eabi/7.3.1/thumb/v6-m/crti.o
                0x0000000008000b14                _fini
 .fini          0x0000000008000b18        0x8 /home/p/gcc-arm-none-eabi-7-2018-q2-update/bin/../lib/gcc/arm-none-eabi/7.3.1/thumb/v6-m/crtn.o
                0x0000000008000b20                . = ALIGN (0x4)
                0x0000000008000b20                _etext = .
                0x0000000008000b20                _sidata = _etext

.vfp11_veneer   0x0000000008000b20        0x0
 .vfp11_veneer  0x0000000008000b20        0x0 linker stubs

.v4_bx          0x0000000008000b20        0x0
 .v4_bx         0x0000000008000b20        0x0 linker stubs

.iplt           0x0000000008000b20        0x0
 .iplt          0x0000000008000b20        0x0 CMakeFiles/bootSPI.dir/main.c.obj

.rel.dyn        0x0000000008000b20        0x0
 .rel.iplt      0x0000000008000b20        0x0 CMakeFiles/bootSPI.dir/main.c.obj

.data           0x0000000020000000        0x4 load address 0x0000000008000b20
                0x0000000020000000                . = ALIGN (0x4)
                0x0000000020000000                _sdata = .
                0x0000000020000000                _data = .
 *(.data)
 *(.data.*)
 .data.SystemCoreClock
                0x0000000020000000        0x4 CMakeFiles/bootSPI.dir/1.5.0/Device/Source/system_stm32f0xx.c.obj
                0x0000000020000000                SystemCoreClock
 *(.RAMtext)
                0x0000000020000004                . = ALIGN (0x4)
                0x0000000020000004                _edata = .

.igot.plt       0x0000000020000004        0x0 load address 0x0000000008000b24
 .igot.plt      0x0000000020000004        0x0 CMakeFiles/bootSPI.dir/main.c.obj

.bss            0x0000000020000004       0x8c load address 0x0000000008000b24
                0x0000000020000004                . = ALIGN (0x4)
                0x0000000020000004                _sbss = .
                0x0000000020000004                _bss = .
 *(.bss)
 *(.bss.*)
 .bss.gIF       0x0000000020000004       0x24 CMakeFiles/bootSPI.dir/BSP.c.obj
 .bss.FlashSettings
                0x0000000020000028        0xc CMakeFiles/bootSPI.dir/Flash.c.obj
 .bss.AppData   0x0000000020000034        0x4 CMakeFiles/bootSPI.dir/Protocol.c.obj
 .bss.Command   0x0000000020000038        0x2 CMakeFiles/bootSPI.dir/Protocol.c.obj
 .bss.Payload   0x000000002000003a       0x44 CMakeFiles/bootSPI.dir/Protocol.c.obj
 .bss.pktCounter.4666
                0x000000002000007e        0x2 CMakeFiles/bootSPI.dir/Protocol.c.obj
 .bss.stateNext.4665
                0x0000000020000080        0x1 CMakeFiles/bootSPI.dir/Protocol.c.obj
 .bss.stateNow.4664
                0x0000000020000081        0x1 CMakeFiles/bootSPI.dir/Protocol.c.obj
 *fill*         0x0000000020000082        0x2 
 .bss.stickyTimer.4669
                0x0000000020000084        0x4 CMakeFiles/bootSPI.dir/Protocol.c.obj
 .bss.tickCounter.4668
                0x0000000020000088        0x4 CMakeFiles/bootSPI.dir/Protocol.c.obj
 .bss.index     0x000000002000008c        0x2 CMakeFiles/bootSPI.dir/Spi1.c.obj
 *(COMMON)
                0x0000000020000090                . = ALIGN (0x4)
 *fill*         0x000000002000008e        0x2 
                0x0000000020000090                _ebss = .
                [!provide]                        PROVIDE (end = _ebss)
                [!provide]                        PROVIDE (_end = _ebss)
                0x0000000020000090                __exidx_start = .
                0x0000000020000090                __exidx_end = .

/DISCARD/
 libc.a(*)
 libm.a(*)
 libgcc.a(*)

.stab
 *(.stab)

.stabstr
 *(.stabstr)

.stab.excl
 *(.stab.excl)

.stab.exclstr
 *(.stab.exclstr)

.stab.index
 *(.stab.index)

.stab.indexstr
 *(.stab.indexstr)

.comment        0x0000000000000000       0x7f
 *(.comment)
 .comment       0x0000000000000000       0x7f CMakeFiles/bootSPI.dir/main.c.obj
                                         0x80 (size before relaxing)
 .comment       0x000000000000007f       0x80 CMakeFiles/bootSPI.dir/BSP.c.obj
 .comment       0x000000000000007f       0x80 CMakeFiles/bootSPI.dir/CRC.c.obj
 .comment       0x000000000000007f       0x80 CMakeFiles/bootSPI.dir/Flash.c.obj
 .comment       0x000000000000007f       0x80 CMakeFiles/bootSPI.dir/Protocol.c.obj
 .comment       0x000000000000007f       0x80 CMakeFiles/bootSPI.dir/Spi1.c.obj
 .comment       0x000000000000007f       0x80 CMakeFiles/bootSPI.dir/1.5.0/Device/Source/system_stm32f0xx.c.obj

.ARM.attributes
                0x0000000000000000       0x28
 .ARM.attributes
                0x0000000000000000       0x1e /home/p/gcc-arm-none-eabi-7-2018-q2-update/bin/../lib/gcc/arm-none-eabi/7.3.1/thumb/v6-m/crti.o
 .ARM.attributes
                0x000000000000001e       0x31 CMakeFiles/bootSPI.dir/main.c.obj
 .ARM.attributes
                0x000000000000004f       0x31 CMakeFiles/bootSPI.dir/BSP.c.obj
 .ARM.attributes
                0x0000000000000080       0x31 CMakeFiles/bootSPI.dir/CRC.c.obj
 .ARM.attributes
                0x00000000000000b1       0x31 CMakeFiles/bootSPI.dir/Flash.c.obj
 .ARM.attributes
                0x00000000000000e2       0x31 CMakeFiles/bootSPI.dir/Protocol.c.obj
 .ARM.attributes
                0x0000000000000113       0x31 CMakeFiles/bootSPI.dir/Spi1.c.obj
 .ARM.attributes
                0x0000000000000144       0x21 CMakeFiles/bootSPI.dir/Device/startup_stm32f0xx.s.obj
 .ARM.attributes
                0x0000000000000165       0x31 CMakeFiles/bootSPI.dir/1.5.0/Device/Source/system_stm32f0xx.c.obj
 .ARM.attributes
                0x0000000000000196       0x1e /home/p/gcc-arm-none-eabi-7-2018-q2-update/bin/../lib/gcc/arm-none-eabi/7.3.1/thumb/v6-m/libgcc.a(_thumb1_case_uhi.o)
 .ARM.attributes
                0x00000000000001b4       0x1e /home/p/gcc-arm-none-eabi-7-2018-q2-update/bin/../lib/gcc/arm-none-eabi/7.3.1/thumb/v6-m/libgcc.a(_udivsi3.o)
 .ARM.attributes
                0x00000000000001d2       0x1e /home/p/gcc-arm-none-eabi-7-2018-q2-update/bin/../lib/gcc/arm-none-eabi/7.3.1/thumb/v6-m/libgcc.a(_dvmd_tls.o)
 .ARM.attributes
                0x00000000000001f0       0x2c /home/p/gcc-arm-none-eabi-7-2018-q2-update/bin/../lib/gcc/arm-none-eabi/7.3.1/../../../../arm-none-eabi/lib/thumb/v6-m/libg.a(lib_a-init.o)
 .ARM.attributes
                0x000000000000021c       0x1e /home/p/gcc-arm-none-eabi-7-2018-q2-update/bin/../lib/gcc/arm-none-eabi/7.3.1/thumb/v6-m/crtn.o

.debug
 *(.debug)

.line
 *(.line)

.debug_srcinfo
 *(.debug_srcinfo)

.debug_sfnames
 *(.debug_sfnames)

.debug_aranges  0x0000000000000000      0x128
 *(.debug_aranges)
 .debug_aranges
                0x0000000000000000       0x20 CMakeFiles/bootSPI.dir/main.c.obj
 .debug_aranges
                0x0000000000000020       0x20 CMakeFiles/bootSPI.dir/BSP.c.obj
 .debug_aranges
                0x0000000000000040       0x20 CMakeFiles/bootSPI.dir/CRC.c.obj
 .debug_aranges
                0x0000000000000060       0x48 CMakeFiles/bootSPI.dir/Flash.c.obj
 .debug_aranges
                0x00000000000000a8       0x20 CMakeFiles/bootSPI.dir/Protocol.c.obj
 .debug_aranges
                0x00000000000000c8       0x38 CMakeFiles/bootSPI.dir/Spi1.c.obj
 .debug_aranges
                0x0000000000000100       0x28 CMakeFiles/bootSPI.dir/1.5.0/Device/Source/system_stm32f0xx.c.obj

.debug_pubnames
 *(.debug_pubnames)

.debug_info     0x0000000000000000     0x1a89
 *(.debug_info .gnu.linkonce.wi.*)
 .debug_info    0x0000000000000000      0x277 CMakeFiles/bootSPI.dir/main.c.obj
 .debug_info    0x0000000000000277      0x3e2 CMakeFiles/bootSPI.dir/BSP.c.obj
 .debug_info    0x0000000000000659      0x117 CMakeFiles/bootSPI.dir/CRC.c.obj
 .debug_info    0x0000000000000770      0x409 CMakeFiles/bootSPI.dir/Flash.c.obj
 .debug_info    0x0000000000000b79      0x7bd CMakeFiles/bootSPI.dir/Protocol.c.obj
 .debug_info    0x0000000000001336      0x539 CMakeFiles/bootSPI.dir/Spi1.c.obj
 .debug_info    0x000000000000186f      0x21a CMakeFiles/bootSPI.dir/1.5.0/Device/Source/system_stm32f0xx.c.obj

.debug_abbrev   0x0000000000000000      0x9e4
 *(.debug_abbrev)
 .debug_abbrev  0x0000000000000000      0x135 CMakeFiles/bootSPI.dir/main.c.obj
 .debug_abbrev  0x0000000000000135      0x195 CMakeFiles/bootSPI.dir/BSP.c.obj
 .debug_abbrev  0x00000000000002ca       0x90 CMakeFiles/bootSPI.dir/CRC.c.obj
 .debug_abbrev  0x000000000000035a      0x1bc CMakeFiles/bootSPI.dir/Flash.c.obj
 .debug_abbrev  0x0000000000000516      0x22e CMakeFiles/bootSPI.dir/Protocol.c.obj
 .debug_abbrev  0x0000000000000744      0x1a3 CMakeFiles/bootSPI.dir/Spi1.c.obj
 .debug_abbrev  0x00000000000008e7       0xfd CMakeFiles/bootSPI.dir/1.5.0/Device/Source/system_stm32f0xx.c.obj

.debug_line     0x0000000000000000      0xd62
 *(.debug_line)
 .debug_line    0x0000000000000000      0x179 CMakeFiles/bootSPI.dir/main.c.obj
 .debug_line    0x0000000000000179      0x1a5 CMakeFiles/bootSPI.dir/BSP.c.obj
 .debug_line    0x000000000000031e      0x123 CMakeFiles/bootSPI.dir/CRC.c.obj
 .debug_line    0x0000000000000441      0x29e CMakeFiles/bootSPI.dir/Flash.c.obj
 .debug_line    0x00000000000006df      0x2af CMakeFiles/bootSPI.dir/Protocol.c.obj
 .debug_line    0x000000000000098e      0x20f CMakeFiles/bootSPI.dir/Spi1.c.obj
 .debug_line    0x0000000000000b9d      0x1c5 CMakeFiles/bootSPI.dir/1.5.0/Device/Source/system_stm32f0xx.c.obj

.debug_frame    0x0000000000000000      0x26c
 *(.debug_frame)
 .debug_frame   0x0000000000000000       0x28 CMakeFiles/bootSPI.dir/main.c.obj
 .debug_frame   0x0000000000000028       0x28 CMakeFiles/bootSPI.dir/BSP.c.obj
 .debug_frame   0x0000000000000050       0x30 CMakeFiles/bootSPI.dir/CRC.c.obj
 .debug_frame   0x0000000000000080       0xc0 CMakeFiles/bootSPI.dir/Flash.c.obj
 .debug_frame   0x0000000000000140       0x30 CMakeFiles/bootSPI.dir/Protocol.c.obj
 .debug_frame   0x0000000000000170       0x74 CMakeFiles/bootSPI.dir/Spi1.c.obj
 .debug_frame   0x00000000000001e4       0x3c CMakeFiles/bootSPI.dir/1.5.0/Device/Source/system_stm32f0xx.c.obj
 .debug_frame   0x0000000000000220       0x20 /home/p/gcc-arm-none-eabi-7-2018-q2-update/bin/../lib/gcc/arm-none-eabi/7.3.1/thumb/v6-m/libgcc.a(_udivsi3.o)
 .debug_frame   0x0000000000000240       0x2c /home/p/gcc-arm-none-eabi-7-2018-q2-update/bin/../lib/gcc/arm-none-eabi/7.3.1/../../../../arm-none-eabi/lib/thumb/v6-m/libg.a(lib_a-init.o)

.debug_str      0x0000000000000000      0xaae
 *(.debug_str)
 .debug_str     0x0000000000000000      0x2ad CMakeFiles/bootSPI.dir/main.c.obj
                                        0x2fb (size before relaxing)
 .debug_str     0x00000000000002ad       0xdb CMakeFiles/bootSPI.dir/BSP.c.obj
                                        0x3a0 (size before relaxing)
 .debug_str     0x0000000000000388       0x56 CMakeFiles/bootSPI.dir/CRC.c.obj
                                        0x1da (size before relaxing)
 .debug_str     0x00000000000003de      0x13b CMakeFiles/bootSPI.dir/Flash.c.obj
                                        0x383 (size before relaxing)
 .debug_str     0x0000000000000519      0x2c3 CMakeFiles/bootSPI.dir/Protocol.c.obj
                                        0x681 (size before relaxing)
 .debug_str     0x00000000000007dc      0x261 CMakeFiles/bootSPI.dir/Spi1.c.obj
                                        0x506 (size before relaxing)
 .debug_str     0x0000000000000a3d       0x71 CMakeFiles/bootSPI.dir/1.5.0/Device/Source/system_stm32f0xx.c.obj
                                        0x27c (size before relaxing)

.debug_loc      0x0000000000000000      0x935
 *(.debug_loc)
 .debug_loc     0x0000000000000000       0x13 CMakeFiles/bootSPI.dir/BSP.c.obj
 .debug_loc     0x0000000000000013      0x132 CMakeFiles/bootSPI.dir/CRC.c.obj
 .debug_loc     0x0000000000000145      0x4b5 CMakeFiles/bootSPI.dir/Flash.c.obj
 .debug_loc     0x00000000000005fa      0x142 CMakeFiles/bootSPI.dir/Protocol.c.obj
 .debug_loc     0x000000000000073c       0xd2 CMakeFiles/bootSPI.dir/Spi1.c.obj
 .debug_loc     0x000000000000080e      0x127 CMakeFiles/bootSPI.dir/1.5.0/Device/Source/system_stm32f0xx.c.obj

.debug_macinfo
 *(.debug_macinfo)

.debug_weaknames
 *(.debug_weaknames)

.debug_funcnames
 *(.debug_funcnames)

.debug_typenames
 *(.debug_typenames)

.debug_varnames
 *(.debug_varnames)
OUTPUT(bootSPI.elf elf32-littlearm)

.debug_ranges   0x0000000000000000       0xd0
 .debug_ranges  0x0000000000000000       0x10 CMakeFiles/bootSPI.dir/main.c.obj
 .debug_ranges  0x0000000000000010       0x10 CMakeFiles/bootSPI.dir/BSP.c.obj
 .debug_ranges  0x0000000000000020       0x10 CMakeFiles/bootSPI.dir/CRC.c.obj
 .debug_ranges  0x0000000000000030       0x50 CMakeFiles/bootSPI.dir/Flash.c.obj
 .debug_ranges  0x0000000000000080       0x10 CMakeFiles/bootSPI.dir/Protocol.c.obj
 .debug_ranges  0x0000000000000090       0x28 CMakeFiles/bootSPI.dir/Spi1.c.obj
 .debug_ranges  0x00000000000000b8       0x18 CMakeFiles/bootSPI.dir/1.5.0/Device/Source/system_stm32f0xx.c.obj
